Microchip MPLAB XC8 Compiler V2.40

Linker command line:

-W-3 \
  --edf=C:\Program Files\Microchip\xc8\v2.40\pic\dat\20220703182018_en.msgs \
  -cn -h+dist/default/production\MPLAB_FrameWork.production.sym \
  --cmf=dist/default/production\MPLAB_FrameWork.production.cmf -z -Q18F4620 \
  -oC:\Users\omarn\AppData\Local\Temp\xcAs57g.4 --defsym=__MPLAB_BUILD=1 \
  --fixupoverflow=error \
  -Mdist/default/production/MPLAB_FrameWork.production.map \
  --md=C:\Users\omarn\AppData\Local\Temp\xcAs57g.dat -E1 -ver=XC8 Compiler \
  --acfsm=1493 -ACODE=00h-0FFFFh -ACONST=00h-0FFFFh \
  -ASMALLCONST=01000h-010FFhx240 -AMEDIUMCONST=01000h-0FFFFh \
  -ACOMRAM=01h-07Fh -AABS1=00h-0F7Fh -ABIGRAM=01h-0F7Fh \
  -ARAM=080h-0FFh,0100h-01FFhx14,0F00h-0F7Fh -ABANK0=080h-0FFh \
  -ABANK1=0100h-01FFh -ABANK2=0200h-02FFh -ABANK3=0300h-03FFh \
  -ABANK4=0400h-04FFh -ABANK5=0500h-05FFh -ABANK6=0600h-06FFh \
  -ABANK7=0700h-07FFh -ABANK8=0800h-08FFh -ABANK9=0900h-09FFh \
  -ABANK10=0A00h-0AFFh -ABANK11=0B00h-0BFFh -ABANK12=0C00h-0CFFh \
  -ABANK13=0D00h-0DFFh -ABANK14=0E00h-0EFFh -ABANK15=0F00h-0F7Fh \
  -ASFR=0F80h-0FFFh -ABIGSFR=0F80h-0FFFh -ACONFIG=0300000h-030000Dh \
  -AIDLOC=0200000h-0200007h -AEEDATA=0F00000h-0F003FFh -peeprom_data=EEDATA \
  -preset_vec=00h,intcode,intcodelo,powerup,init -pramtop=01000h \
  -psmallconst=SMALLCONST -pmediumconst=MEDIUMCONST -pconst=CONST \
  -AFARRAM=00h-00h \
  -prdata=COMRAM,nvrram=COMRAM,nvbit=COMRAM,rbss=COMRAM,rbit=COMRAM \
  -pfarbss=FARRAM,fardata=FARRAM,nvFARRAM=FARRAM \
  -pintsave_regs=BIGRAM,bigbss=BIGRAM,bigdata=BIGRAM -pbss=RAM \
  -pidata=CODE,irdata=CODE,ibigdata=CODE,ifardata=CODE -prparam=COMRAM \
  C:\Users\omarn\AppData\Local\Temp\xcAs57g.o \
  dist/default/production\MPLAB_FrameWork.production.o 

Object code version is 3.11

Machine type is 18F4620



                Name                               Link     Load   Length Selector   Space Scale
C:\Users\omarn\AppData\Local\Temp\xcAs57g.o
                idloc                            200000   200000        8        0       5
                config                           300000   300000        E        0       4
                init                                  0        0        4        0       0
dist/default/production\MPLAB_FrameWork.production.o
                idloc                            200000   200000        8        0       5
                config                           300000   300000        E        0       4
                text9                              EF06     EF06       22     7783       0
                text8                              EF4E     EF4E       64     77A7       0
                text7                              F5A6     F5A6      296     7AD3       0
                text6                              F38C     F38C      21A     79C6       0
                text5                              F83C     F83C      39A     7C1E       0
                text4                              FBD6     FBD6      42A     7DEB       0
                text3                              EFB2     EFB2      106     77D9       0
                text2                              EF28     EF28       26     7794       0
                text1                              F1D8     F1D8      1B4     78EC       0
                text0                              F0B8     F0B8      120     785C       0
                cstackCOMRAM                          1        1       54        1       1
                bssCOMRAM                            55       55       28        1       1
                cinit                              EEF0     EEF0       16     7778       0

TOTAL           Name                               Link     Load   Length     Space
        CLASS   CODE           
                init                                  0        0        4         0
                text9                              EF06     EF06       22         0
                text8                              EF4E     EF4E       64         0
                text7                              F5A6     F5A6      296         0
                text6                              F38C     F38C      21A         0
                text5                              F83C     F83C      39A         0
                text4                              FBD6     FBD6      42A         0
                text3                              EFB2     EFB2      106         0
                text2                              EF28     EF28       26         0
                text1                              F1D8     F1D8      1B4         0
                text0                              F0B8     F0B8      120         0
                cinit                              EEF0     EEF0       16         0

        CLASS   CONST          

        CLASS   SMALLCONST     

        CLASS   MEDIUMCONST    

        CLASS   COMRAM         
                cstackCOMRAM                          1        1       54         1
                bssCOMRAM                            55       55       28         1

        CLASS   ABS1           

        CLASS   BIGRAM         

        CLASS   RAM            

        CLASS   BANK0          

        CLASS   BANK1          

        CLASS   BANK2          

        CLASS   BANK3          

        CLASS   BANK4          

        CLASS   BANK5          

        CLASS   BANK6          

        CLASS   BANK7          

        CLASS   BANK8          

        CLASS   BANK9          

        CLASS   BANK10         

        CLASS   BANK11         

        CLASS   BANK12         

        CLASS   BANK13         

        CLASS   BANK14         

        CLASS   BANK15         

        CLASS   SFR            

        CLASS   BIGSFR         

        CLASS   CONFIG         
                config                           300000   300000        E         4

        CLASS   IDLOC          
                idloc                            200000   200000        8         5

        CLASS   EEDATA         

        CLASS   FARRAM         

        CLASS   HEAP           

        CLASS   STACK          



SEGMENTS        Name                           Load    Length   Top    Selector   Space  Class

                reset_vec                      000000  000004  000004         0       0  CODE    
                cstackCOMRAM                   000001  00007C  00007D         1       1  COMRAM  
                cinit                          00EEF0  000016  00EF06      7778       0  CODE    
                text9                          00EF06  000022  00EF28      7783       0  CODE    
                text2                          00EF28  000026  00EF4E      7794       0  CODE    
                text8                          00EF4E  000064  00EFB2      77A7       0  CODE    
                text3                          00EFB2  000106  00F0B8      77D9       0  CODE    
                text0                          00F0B8  000120  00F1D8      785C       0  CODE    
                text1                          00F1D8  0001B4  00F38C      78EC       0  CODE    
                text6                          00F38C  00021A  00F5A6      79C6       0  CODE    
                text7                          00F5A6  000296  00F83C      7AD3       0  CODE    
                text5                          00F83C  00039A  00FBD6      7C1E       0  CODE    
                text4                          00FBD6  00042A  010000      7DEB       0  CODE    


UNUSED ADDRESS RANGES

        Name                Unused          Largest block    Delta
        BANK0            000080-0000FF               80
        BANK1            000100-0001FF              100
        BANK10           000A00-000AFF              100
        BANK11           000B00-000BFF              100
        BANK12           000C00-000CFF              100
        BANK13           000D00-000DFF              100
        BANK14           000E00-000EFF              100
        BANK15           000F00-000F7F               80
        BANK2            000200-0002FF              100
        BANK3            000300-0003FF              100
        BANK4            000400-0004FF              100
        BANK5            000500-0005FF              100
        BANK6            000600-0006FF              100
        BANK7            000700-0007FF              100
        BANK8            000800-0008FF              100
        BANK9            000900-0009FF              100
        BIGRAM           00007D-000F7F              F03
        BIGSFR           000F80-000FFF               80
        CODE             000004-00EEEF             EEEC
        COMRAM           00007D-00007F                3
        CONST            000004-00EEEF             EEEC
        EEDATA           F00000-F003FF              400
        MEDIUMCONST      001000-00EEEF             DEF0
        RAM              000080-000F7F              100
        SFR              000F80-000FFF               80
        SMALLCONST       001000-00EEEF              100

                                  Symbol Table

?_ADC_u16GetChannelReading                cstackCOMRAM 000001
?___fldiv                                 cstackCOMRAM 000015
?___flmul                                 cstackCOMRAM 00002E
?___fltol                                 cstackCOMRAM 000047
?___wmul                                  cstackCOMRAM 000001
?___xxtofl                                cstackCOMRAM 000007
ADC_u16GetChannelReading@Channel          cstackCOMRAM 000005
ADC_u16GetChannelReading@u16ReadingReturn cstackCOMRAM 000006
DIO_VidSetHalfPortDirection@u8PinIdCopy   cstackCOMRAM 00000B
DIO_VidSetHalfPortDirection@u8PortDir     cstackCOMRAM 000002
DIO_VidSetHalfPortDirection@u8PortHalf    cstackCOMRAM 000001
DIO_VidSetHalfPortDirection@u8PortId      cstackCOMRAM 00000A
DIO_VidSetPinValue@u8PinIdCopy            cstackCOMRAM 000001
DIO_VidSetPinValue@u8PinValCopy           cstackCOMRAM 000002
DIO_VidSetPinValue@u8PortIdCopy           cstackCOMRAM 000005
_ADCON0                                   (abs)        000FC2
_ADCON1                                   (abs)        000FC1
_ADCON2                                   (abs)        000FC0
_ADC_VoidInit                             text9        00EF06
_ADC_u16GetChannelReading                 text8        00EF4E
_ADRESH                                   (abs)        000FC4
_ADRESL                                   (abs)        000FC3
_DIO_VidSetHalfPortDirection              text7        00F5A6
_DIO_VidSetPinValue                       text6        00F38C
_PORTA                                    (abs)        000F80
_PORTB                                    (abs)        000F81
_PORTC                                    (abs)        000F82
_PORTD                                    (abs)        000F83
_PORTE                                    (abs)        000F84
_PORT_A_DEF                               bssCOMRAM    000075
_PORT_B_DEF                               bssCOMRAM    00006D
_PORT_C_DEF                               bssCOMRAM    000065
_PORT_D_DEF                               bssCOMRAM    00005D
_PORT_E_DEF                               bssCOMRAM    000055
_TRISA                                    (abs)        000F92
_TRISB                                    (abs)        000F93
_TRISC                                    (abs)        000F94
_TRISD                                    (abs)        000F95
_TRISE                                    (abs)        000F96
__HRAM                                    (abs)        000000
__Habs1                                   abs1         000000
__Hbank0                                  bank0        000000
__Hbank1                                  bank1        000000
__Hbank10                                 bank10       000000
__Hbank11                                 bank11       000000
__Hbank12                                 bank12       000000
__Hbank13                                 bank13       000000
__Hbank14                                 bank14       000000
__Hbank15                                 bank15       000000
__Hbank2                                  bank2        000000
__Hbank3                                  bank3        000000
__Hbank4                                  bank4        000000
__Hbank5                                  bank5        000000
__Hbank6                                  bank6        000000
__Hbank7                                  bank7        000000
__Hbank8                                  bank8        000000
__Hbank9                                  bank9        000000
__Hbigbss                                 bigbss       000000
__Hbigdata                                bigdata      000000
__Hbigram                                 bigram       000000
__Hbigsfr                                 bigsfr       000000
__Hbss                                    bss          000000
__HbssCOMRAM                              bssCOMRAM    000000
__Hcinit                                  cinit        000000
__Hclrtext                                clrtext      000000
__Hcomram                                 comram       000000
__Hconfig                                 config       30000E
__Hconst                                  const        000000
__HcstackCOMRAM                           cstackCOMRAM 000000
__Hdata                                   data         000000
__Heeprom_data                            eeprom_data  000000
__Hfarbss                                 farbss       000000
__Hfardata                                fardata      000000
__Hheap                                   heap         000000
__Hibigdata                               ibigdata     000000
__Hidata                                  idata        000000
__Hidloc                                  idloc        200008
__Hifardata                               ifardata     000000
__Hinit                                   init         000004
__Hintcode                                intcode      000000
__Hintcode_body                           intcode_body 000000
__Hintcodelo                              intcodelo    000000
__Hintentry                               intentry     000000
__Hintret                                 intret       000000
__Hintsave_regs                           intsave_regs 000000
__Hirdata                                 irdata       000000
__Hmediumconst                            mediumconst  000000
__HnvFARRAM                               nvFARRAM     000000
__Hnvbit                                  nvbit        000000
__Hnvrram                                 nvrram       000000
__Hparam                                  rparam       000000
__Hpowerup                                powerup      000000
__Hram                                    ram          000000
__Hramtop                                 ramtop       001000
__Hrbit                                   rbit         000000
__Hrbss                                   rbss         000000
__Hrdata                                  rdata        000000
__Hreset_vec                              reset_vec    000000
__Hrparam                                 rparam       000000
__Hsfr                                    sfr          000000
__Hsmallconst                             smallconst   000000
__Hspace_0                                (abs)        010000
__Hspace_1                                (abs)        00007D
__Hspace_2                                (abs)        000000
__Hspace_4                                (abs)        60000E
__Hstack                                  stack        000000
__Hstruct                                 struct       000000
__Htemp                                   temp         000000
__Htext                                   text         000000
__Htext0                                  text0        000000
__Htext1                                  text1        000000
__Htext2                                  text2        000000
__Htext3                                  text3        000000
__Htext4                                  text4        000000
__Htext5                                  text5        000000
__Htext6                                  text6        000000
__Htext7                                  text7        000000
__Htext8                                  text8        000000
__Htext9                                  text9        000000
__LRAM                                    (abs)        000001
__Labs1                                   abs1         000000
__Lbank0                                  bank0        000000
__Lbank1                                  bank1        000000
__Lbank10                                 bank10       000000
__Lbank11                                 bank11       000000
__Lbank12                                 bank12       000000
__Lbank13                                 bank13       000000
__Lbank14                                 bank14       000000
__Lbank15                                 bank15       000000
__Lbank2                                  bank2        000000
__Lbank3                                  bank3        000000
__Lbank4                                  bank4        000000
__Lbank5                                  bank5        000000
__Lbank6                                  bank6        000000
__Lbank7                                  bank7        000000
__Lbank8                                  bank8        000000
__Lbank9                                  bank9        000000
__Lbigbss                                 bigbss       000000
__Lbigdata                                bigdata      000000
__Lbigram                                 bigram       000000
__Lbigsfr                                 bigsfr       000000
__Lbss                                    bss          000000
__LbssCOMRAM                              bssCOMRAM    000000
__Lcinit                                  cinit        000000
__Lclrtext                                clrtext      000000
__Lcomram                                 comram       000000
__Lconfig                                 config       000000
__Lconst                                  const        000000
__LcstackCOMRAM                           cstackCOMRAM 000000
__Ldata                                   data         000000
__Leeprom_data                            eeprom_data  000000
__Lfarbss                                 farbss       000000
__Lfardata                                fardata      000000
__Lheap                                   heap         000000
__Libigdata                               ibigdata     000000
__Lidata                                  idata        000000
__Lidloc                                  idloc        000000
__Lifardata                               ifardata     000000
__Linit                                   init         000000
__Lintcode                                intcode      000000
__Lintcode_body                           intcode_body 000000
__Lintcodelo                              intcodelo    000000
__Lintentry                               intentry     000000
__Lintret                                 intret       000000
__Lintsave_regs                           intsave_regs 000000
__Lirdata                                 irdata       000000
__Lmediumconst                            mediumconst  000000
__LnvFARRAM                               nvFARRAM     000000
__Lnvbit                                  nvbit        000000
__Lnvrram                                 nvrram       000000
__Lparam                                  rparam       000000
__Lpowerup                                powerup      000000
__Lram                                    ram          000000
__Lramtop                                 ramtop       001000
__Lrbit                                   rbit         000000
__Lrbss                                   rbss         000000
__Lrdata                                  rdata        000000
__Lreset_vec                              reset_vec    000000
__Lrparam                                 rparam       000000
__Lsfr                                    sfr          000000
__Lsmallconst                             smallconst   000000
__Lspace_0                                (abs)        000000
__Lspace_1                                (abs)        000000
__Lspace_2                                (abs)        000000
__Lspace_4                                (abs)        000000
__Lstack                                  stack        000000
__Lstruct                                 struct       000000
__Ltemp                                   temp         000000
__Ltext                                   text         000000
__Ltext0                                  text0        000000
__Ltext1                                  text1        000000
__Ltext2                                  text2        000000
__Ltext3                                  text3        000000
__Ltext4                                  text4        000000
__Ltext5                                  text5        000000
__Ltext6                                  text6        000000
__Ltext7                                  text7        000000
__Ltext8                                  text8        000000
__Ltext9                                  text9        000000
__S0                                      (abs)        010000
__S1                                      (abs)        00007D
__S4                                      (abs)        000000
__S5                                      (abs)        000000
___fldiv                                  text5        00F83C
___fldiv@a                                cstackCOMRAM 000019
___fldiv@aexp                             cstackCOMRAM 00002D
___fldiv@b                                cstackCOMRAM 000015
___fldiv@bexp                             cstackCOMRAM 00002C
___fldiv@grs                              cstackCOMRAM 000028
___fldiv@new_exp                          cstackCOMRAM 000026
___fldiv@rem                              cstackCOMRAM 000021
___fldiv@sign                             cstackCOMRAM 000025
___flmul                                  text4        00FBD6
___flmul@a                                cstackCOMRAM 000032
___flmul@aexp                             cstackCOMRAM 00003F
___flmul@b                                cstackCOMRAM 00002E
___flmul@bexp                             cstackCOMRAM 000040
___flmul@grs                              cstackCOMRAM 00003B
___flmul@prod                             cstackCOMRAM 000041
___flmul@sign                             cstackCOMRAM 00003A
___flmul@temp                             cstackCOMRAM 000045
___fltol                                  text3        00EFB2
___fltol@exp1                             cstackCOMRAM 000050
___fltol@f1                               cstackCOMRAM 000047
___fltol@sign1                            cstackCOMRAM 00004F
___heap_hi                                (abs)        000000
___heap_lo                                (abs)        000000
___inthi_sp                               stack        000000
___intlo_sp                               stack        000000
___param_bank                             (abs)        000000
___rparam_used                            (abs)        000001
___sp                                     stack        000000
___wmul                                   text2        00EF28
___wmul@multiplicand                      cstackCOMRAM 000003
___wmul@multiplier                        cstackCOMRAM 000001
___wmul@product                           cstackCOMRAM 000005
___xxtofl                                 text1        00F1D8
___xxtofl@arg                             cstackCOMRAM 000011
___xxtofl@exp                             cstackCOMRAM 000010
___xxtofl@sign                            cstackCOMRAM 00000F
___xxtofl@val                             cstackCOMRAM 000007
__accesstop                               (abs)        000080
__activetblptr                            (abs)        000002
__end_of_ADC_VoidInit                     text9        00EF28
__end_of_ADC_u16GetChannelReading         text8        00EFB2
__end_of_DIO_VidSetHalfPortDirection      text7        00F83C
__end_of_DIO_VidSetPinValue               text6        00F5A6
__end_of___fldiv                          text5        00FBD6
__end_of___flmul                          text4        010000
__end_of___fltol                          text3        00F0B8
__end_of___wmul                           text2        00EF4E
__end_of___xxtofl                         text1        00F38C
__end_of__initialization                  cinit        00EEFC
__end_of_main                             text0        00F1D8
__initialization                          cinit        00EEF0
__mediumconst                             mediumconst  000000
__pbssCOMRAM                              bssCOMRAM    000055
__pcinit                                  cinit        00EEF0
__pcstackCOMRAM                           cstackCOMRAM 000001
__ptext0                                  text0        00F0B8
__ptext1                                  text1        00F1D8
__ptext2                                  text2        00EF28
__ptext3                                  text3        00EFB2
__ptext4                                  text4        00FBD6
__ptext5                                  text5        00F83C
__ptext6                                  text6        00F38C
__ptext7                                  text7        00F5A6
__ptext8                                  text8        00EF4E
__ptext9                                  text9        00EF06
__ramtop                                  ramtop       001000
__smallconst                              smallconst   000000
_main                                     text0        00F0B8
end_of_initialization                     cinit        00EEFC
intlevel0                                 text         000000
intlevel1                                 text         000000
intlevel2                                 text         000000
intlevel3                                 text         000000
isa$std                                   (abs)        000001
isa$xinst                                 (abs)        000000
main@adc_value                            cstackCOMRAM 000051
main@temp                                 cstackCOMRAM 000053
stackhi                                   (abs)        000000
stacklo                                   (abs)        000000
start                                     init         000000
start_initialization                      cinit        00EEF0


MODULE INFORMATION

Module		Function		Class		Link	Load	Size
C:\Program Files\Microchip\xc8\v2.40\pic\sources\c99\common\sprcmul.c
		___flmul       		CODE           	FBD6	0000	1066

C:\Program Files\Microchip\xc8\v2.40\pic\sources\c99\common\sprcmul.c estimated size: 1066

C:\Program Files\Microchip\xc8\v2.40\pic\sources\c99\common\sprcdiv.c
		___fldiv       		CODE           	F83C	0000	922

C:\Program Files\Microchip\xc8\v2.40\pic\sources\c99\common\sprcdiv.c estimated size: 922

C:\Program Files\Microchip\xc8\v2.40\pic\sources\c99\common\fltol.c
		___fltol       		CODE           	EFB2	0000	262

C:\Program Files\Microchip\xc8\v2.40\pic\sources\c99\common\fltol.c estimated size: 262

C:\Program Files\Microchip\xc8\v2.40\pic\sources\c99\common\Umul16.c
		___wmul        		CODE           	EF28	0000	38

C:\Program Files\Microchip\xc8\v2.40\pic\sources\c99\common\Umul16.c estimated size: 38

01_APP/newmain.c
		_main          		CODE           	F0B8	0000	288

01_APP/newmain.c estimated size: 288

C:\Program Files\Microchip\xc8\v2.40\pic\sources\c99\common\xxtofl.c
		___xxtofl      		CODE           	F1D8	0000	436

C:\Program Files\Microchip\xc8\v2.40\pic\sources\c99\common\xxtofl.c estimated size: 436

shared
		__initialization		CODE           	EEF0	0000	12

shared estimated size: 12

E:/MVM_Medical_Vending_Machine/MPLAB_FrameWork/03_MCAL/DIO_prog.c
		_DIO_VidSetPinValue		CODE           	F38C	0000	538
		_DIO_VidSetHalfPortDirection		CODE           	F5A6	0000	662

E:/MVM_Medical_Vending_Machine/MPLAB_FrameWork/03_MCAL/DIO_prog.c estimated size: 1200

E:/MVM_Medical_Vending_Machine/MPLAB_FrameWork/03_MCAL/ADC_Prog.c
		_ADC_u16GetChannelReading		CODE           	EF4E	0000	100
		_ADC_VoidInit  		CODE           	EF06	0000	34

E:/MVM_Medical_Vending_Machine/MPLAB_FrameWork/03_MCAL/ADC_Prog.c estimated size: 134

