Microchip MPLAB XC8 Compiler V2.40

Linker command line:

-W-3 \
  --edf=C:\Program Files\Microchip\xc8\v2.40\pic\dat\20220703182018_en.msgs \
  -cn -h+dist/default/production\MPLAB_FrameWork.production.sym \
  --cmf=dist/default/production\MPLAB_FrameWork.production.cmf -z -Q18F4620 \
  -oC:\Users\omarn\AppData\Local\Temp\xcAs1i8.4 --defsym=__MPLAB_BUILD=1 \
  --fixupoverflow=error \
  -Mdist/default/production/MPLAB_FrameWork.production.map \
  --md=C:\Users\omarn\AppData\Local\Temp\xcAs1i8.dat -E1 -ver=XC8 Compiler \
  --acfsm=1493 -ACODE=00h-0FFFFh -ACONST=00h-0FFFFh \
  -ASMALLCONST=01000h-010FFhx240 -AMEDIUMCONST=01000h-0FFFFh \
  -ACOMRAM=01h-07Fh -AABS1=00h-0F7Fh -ABIGRAM=01h-0F7Fh \
  -ARAM=080h-0FFh,0100h-01FFhx14,0F00h-0F7Fh -ABANK0=080h-0FFh \
  -ABANK1=0100h-01FFh -ABANK2=0200h-02FFh -ABANK3=0300h-03FFh \
  -ABANK4=0400h-04FFh -ABANK5=0500h-05FFh -ABANK6=0600h-06FFh \
  -ABANK7=0700h-07FFh -ABANK8=0800h-08FFh -ABANK9=0900h-09FFh \
  -ABANK10=0A00h-0AFFh -ABANK11=0B00h-0BFFh -ABANK12=0C00h-0CFFh \
  -ABANK13=0D00h-0DFFh -ABANK14=0E00h-0EFFh -ABANK15=0F00h-0F7Fh \
  -ASFR=0F80h-0FFFh -ABIGSFR=0F80h-0FFFh -ACONFIG=0300000h-030000Dh \
  -AIDLOC=0200000h-0200007h -AEEDATA=0F00000h-0F003FFh -peeprom_data=EEDATA \
  -preset_vec=00h,intcode=08h,intcodelo,powerup,init -pramtop=01000h \
  -psmallconst=SMALLCONST -pmediumconst=MEDIUMCONST -pconst=CONST \
  -AFARRAM=00h-00h \
  -prdata=COMRAM,nvrram=COMRAM,nvbit=COMRAM,rbss=COMRAM,rbit=COMRAM \
  -pfarbss=FARRAM,fardata=FARRAM,nvFARRAM=FARRAM \
  -pintsave_regs=BIGRAM,bigbss=BIGRAM,bigdata=BIGRAM -pbss=RAM \
  -pidata=CODE,irdata=CODE,ibigdata=CODE,ifardata=CODE -prparam=COMRAM \
  C:\Users\omarn\AppData\Local\Temp\xcAs1i8.o \
  dist/default/production\MPLAB_FrameWork.production.o 

Object code version is 3.11

Machine type is 18F4620



                Name                               Link     Load   Length Selector   Space Scale
C:\Users\omarn\AppData\Local\Temp\xcAs1i8.o
                idloc                            200000   200000        8        0       5
                config                           300000   300000        E        0       4
                init                                  E        E        4        4       0
                reset_vec                             0        0        4        0       0
dist/default/production\MPLAB_FrameWork.production.o
                intcode                               8        8        6        4       0
                idloc                            200000   200000        8        0       5
                config                           300000   300000        E        0       4
                temp                                 7E       7E        1        1       1
                intcode_body                       1354     1354       46        4       0
                text10                             13C0     13C0       22        4       0
                text9                              12F0     12F0       64        4       0
                text8                               A6C      A6C      290        4       0
                text7                               7D6      7D6      296        4       0
                text6                               CFC      CFC      21A        4       0
                text5                               43C      43C      39A        4       0
                text4                                12       12      42A        4       0
                text3                              11EA     11EA      106        4       0
                text2                              139A     139A       26        4       0
                text1                               F16      F16      1B4        4       0
                text0                              10CA     10CA      120        4       0
                cstackCOMRAM                          1        1       55        1       1
                bssCOMRAM                            56       56       28        1       1
                cinit                              13E2     13E2       1A        4       0

TOTAL           Name                               Link     Load   Length     Space
        CLASS   CODE           
                intcode                               8        8        6         0
                init                                  E        E        4         0
                reset_vec                             0        0        4         0
                intcode_body                       1354     1354       46         0
                text10                             13C0     13C0       22         0
                text9                              12F0     12F0       64         0
                text8                               A6C      A6C      290         0
                text7                               7D6      7D6      296         0
                text6                               CFC      CFC      21A         0
                text5                               43C      43C      39A         0
                text4                                12       12      42A         0
                text3                              11EA     11EA      106         0
                text2                              139A     139A       26         0
                text1                               F16      F16      1B4         0
                text0                              10CA     10CA      120         0
                cinit                              13E2     13E2       1A         0

        CLASS   CONST          

        CLASS   SMALLCONST     

        CLASS   MEDIUMCONST    

        CLASS   COMRAM         
                temp                                 7E       7E        1         1
                cstackCOMRAM                          1        1       55         1
                bssCOMRAM                            56       56       28         1

        CLASS   ABS1           

        CLASS   BIGRAM         

        CLASS   RAM            

        CLASS   BANK0          

        CLASS   BANK1          

        CLASS   BANK2          

        CLASS   BANK3          

        CLASS   BANK4          

        CLASS   BANK5          

        CLASS   BANK6          

        CLASS   BANK7          

        CLASS   BANK8          

        CLASS   BANK9          

        CLASS   BANK10         

        CLASS   BANK11         

        CLASS   BANK12         

        CLASS   BANK13         

        CLASS   BANK14         

        CLASS   BANK15         

        CLASS   SFR            

        CLASS   BIGSFR         

        CLASS   CONFIG         
                config                           300000   300000        E         4

        CLASS   IDLOC          
                idloc                            200000   200000        8         5

        CLASS   EEDATA         

        CLASS   FARRAM         

        CLASS   HEAP           

        CLASS   STACK          



SEGMENTS        Name                           Load    Length   Top    Selector   Space  Class

                reset_vec                      000000  000004  000004         0       0  CODE    
                cstackCOMRAM                   000001  00007E  00007F         1       1  COMRAM  
                intcode                        000008  0013F4  0013FC         4       0  CODE    


UNUSED ADDRESS RANGES

        Name                Unused          Largest block    Delta
        BANK0            000080-0000FF               80
        BANK1            000100-0001FF              100
        BANK10           000A00-000AFF              100
        BANK11           000B00-000BFF              100
        BANK12           000C00-000CFF              100
        BANK13           000D00-000DFF              100
        BANK14           000E00-000EFF              100
        BANK15           000F00-000F7F               80
        BANK2            000200-0002FF              100
        BANK3            000300-0003FF              100
        BANK4            000400-0004FF              100
        BANK5            000500-0005FF              100
        BANK6            000600-0006FF              100
        BANK7            000700-0007FF              100
        BANK8            000800-0008FF              100
        BANK9            000900-0009FF              100
        BIGRAM           00007F-000F7F              F01
        BIGSFR           000F80-000FFF               80
        CODE             000004-000007                4
                         0013FC-00FFFF             EC04
        COMRAM           00007F-00007F                1
        CONST            000004-000007                4
                         0013FC-00FFFF             EC04
        EEDATA           F00000-F003FF              400
        MEDIUMCONST      0013FC-00FFFF             EC04
        RAM              000080-000F7F              100
        SFR              000F80-000FFF               80
        SMALLCONST       0013FC-00FFFF              100

                                  Symbol Table

?_ADC_u16GetChannelReading                cstackCOMRAM 000002
?___fldiv                                 cstackCOMRAM 000016
?___flmul                                 cstackCOMRAM 00002F
?___fltol                                 cstackCOMRAM 000048
?___wmul                                  cstackCOMRAM 000002
?___xxtofl                                cstackCOMRAM 000008
ADC_u16GetChannelReading@Channel          cstackCOMRAM 000006
ADC_u16GetChannelReading@u16ReadingReturn cstackCOMRAM 000007
DIO_VidDirPortNibble@u8PinIdCopy          cstackCOMRAM 00000A
DIO_VidDirPortNibble@u8PortDir            cstackCOMRAM 000003
DIO_VidDirPortNibble@u8PortId             cstackCOMRAM 000009
DIO_VidDirPortNibble@u8StPin              cstackCOMRAM 000002
DIO_VidSetHalfPortDirection@u8PinIdCopy   cstackCOMRAM 00000C
DIO_VidSetHalfPortDirection@u8PortDir     cstackCOMRAM 000003
DIO_VidSetHalfPortDirection@u8PortHalf    cstackCOMRAM 000002
DIO_VidSetHalfPortDirection@u8PortId      cstackCOMRAM 00000B
DIO_VidSetPinValue@u8PinIdCopy            cstackCOMRAM 000002
DIO_VidSetPinValue@u8PinValCopy           cstackCOMRAM 000003
DIO_VidSetPinValue@u8PortIdCopy           cstackCOMRAM 000006
_ADCON0                                   (abs)        000FC2
_ADCON1                                   (abs)        000FC1
_ADCON2                                   (abs)        000FC0
_ADC_VoidInit                             text10       0013C0
_ADC_u16GetChannelReading                 text9        0012F0
_ADRESH                                   (abs)        000FC4
_ADRESL                                   (abs)        000FC3
_DIO_VidDirPortNibble                     text8        000A6C
_DIO_VidSetHalfPortDirection              text7        0007D6
_DIO_VidSetPinValue                       text6        000CFC
_INTCON                                   (abs)        000FF2
_INTCON2                                  (abs)        000FF1
_INTCON3                                  (abs)        000FF0
_ISR1                                     intcode      000008
_PORTA                                    (abs)        000F80
_PORTB                                    (abs)        000F81
_PORTC                                    (abs)        000F82
_PORTD                                    (abs)        000F83
_PORTE                                    (abs)        000F84
_PORT_A_DEF                               bssCOMRAM    000076
_PORT_B_DEF                               bssCOMRAM    00006E
_PORT_C_DEF                               bssCOMRAM    000066
_PORT_D_DEF                               bssCOMRAM    00005E
_PORT_E_DEF                               bssCOMRAM    000056
_RCON                                     (abs)        000FD0
_TRISA                                    (abs)        000F92
_TRISB                                    (abs)        000F93
_TRISC                                    (abs)        000F94
_TRISD                                    (abs)        000F95
_TRISE                                    (abs)        000F96
__HRAM                                    (abs)        000000
__Habs1                                   abs1         000000
__Hbank0                                  bank0        000000
__Hbank1                                  bank1        000000
__Hbank10                                 bank10       000000
__Hbank11                                 bank11       000000
__Hbank12                                 bank12       000000
__Hbank13                                 bank13       000000
__Hbank14                                 bank14       000000
__Hbank15                                 bank15       000000
__Hbank2                                  bank2        000000
__Hbank3                                  bank3        000000
__Hbank4                                  bank4        000000
__Hbank5                                  bank5        000000
__Hbank6                                  bank6        000000
__Hbank7                                  bank7        000000
__Hbank8                                  bank8        000000
__Hbank9                                  bank9        000000
__Hbigbss                                 bigbss       000000
__Hbigdata                                bigdata      000000
__Hbigram                                 bigram       000000
__Hbigsfr                                 bigsfr       000000
__Hbss                                    bss          000000
__HbssCOMRAM                              bssCOMRAM    000000
__Hcinit                                  cinit        000000
__Hclrtext                                clrtext      000000
__Hcomram                                 comram       000000
__Hconfig                                 config       30000E
__Hconst                                  const        000000
__HcstackCOMRAM                           cstackCOMRAM 000000
__Hdata                                   data         000000
__Heeprom_data                            eeprom_data  000000
__Hfarbss                                 farbss       000000
__Hfardata                                fardata      000000
__Hheap                                   heap         000000
__Hibigdata                               ibigdata     000000
__Hidata                                  idata        000000
__Hidloc                                  idloc        200008
__Hifardata                               ifardata     000000
__Hinit                                   init         000012
__Hintcode                                intcode      00000E
__Hintcode_body                           intcode_body 000000
__Hintcodelo                              intcodelo    00000E
__Hintentry                               intentry     000000
__Hintret                                 intret       000000
__Hintsave_regs                           intsave_regs 000000
__Hirdata                                 irdata       000000
__Hmediumconst                            mediumconst  000000
__HnvFARRAM                               nvFARRAM     000000
__Hnvbit                                  nvbit        000000
__Hnvrram                                 nvrram       000000
__Hparam                                  rparam       000000
__Hpowerup                                powerup      00000E
__Hram                                    ram          000000
__Hramtop                                 ramtop       001000
__Hrbit                                   rbit         000000
__Hrbss                                   rbss         000000
__Hrdata                                  rdata        000000
__Hreset_vec                              reset_vec    000004
__Hrparam                                 rparam       000000
__Hsfr                                    sfr          000000
__Hsmallconst                             smallconst   000000
__Hspace_0                                (abs)        0013FC
__Hspace_1                                (abs)        00007F
__Hspace_2                                (abs)        000000
__Hspace_4                                (abs)        60000E
__Hstack                                  stack        000000
__Hstruct                                 struct       000000
__Htemp                                   temp         00007F
__Htext                                   text         000000
__Htext0                                  text0        000000
__Htext1                                  text1        000000
__Htext10                                 text10       000000
__Htext2                                  text2        000000
__Htext3                                  text3        000000
__Htext4                                  text4        000000
__Htext5                                  text5        000000
__Htext6                                  text6        000000
__Htext7                                  text7        000000
__Htext8                                  text8        000000
__Htext9                                  text9        000000
__LRAM                                    (abs)        000001
__Labs1                                   abs1         000000
__Lbank0                                  bank0        000000
__Lbank1                                  bank1        000000
__Lbank10                                 bank10       000000
__Lbank11                                 bank11       000000
__Lbank12                                 bank12       000000
__Lbank13                                 bank13       000000
__Lbank14                                 bank14       000000
__Lbank15                                 bank15       000000
__Lbank2                                  bank2        000000
__Lbank3                                  bank3        000000
__Lbank4                                  bank4        000000
__Lbank5                                  bank5        000000
__Lbank6                                  bank6        000000
__Lbank7                                  bank7        000000
__Lbank8                                  bank8        000000
__Lbank9                                  bank9        000000
__Lbigbss                                 bigbss       000000
__Lbigdata                                bigdata      000000
__Lbigram                                 bigram       000000
__Lbigsfr                                 bigsfr       000000
__Lbss                                    bss          000000
__LbssCOMRAM                              bssCOMRAM    000000
__Lcinit                                  cinit        000000
__Lclrtext                                clrtext      000000
__Lcomram                                 comram       000000
__Lconfig                                 config       000000
__Lconst                                  const        000000
__LcstackCOMRAM                           cstackCOMRAM 000000
__Ldata                                   data         000000
__Leeprom_data                            eeprom_data  000000
__Lfarbss                                 farbss       000000
__Lfardata                                fardata      000000
__Lheap                                   heap         000000
__Libigdata                               ibigdata     000000
__Lidata                                  idata        000000
__Lidloc                                  idloc        000000
__Lifardata                               ifardata     000000
__Linit                                   init         00000E
__Lintcode                                intcode      000008
__Lintcode_body                           intcode_body 000000
__Lintcodelo                              intcodelo    00000E
__Lintentry                               intentry     000000
__Lintret                                 intret       000000
__Lintsave_regs                           intsave_regs 000000
__Lirdata                                 irdata       000000
__Lmediumconst                            mediumconst  000000
__LnvFARRAM                               nvFARRAM     000000
__Lnvbit                                  nvbit        000000
__Lnvrram                                 nvrram       000000
__Lparam                                  rparam       000000
__Lpowerup                                powerup      00000E
__Lram                                    ram          000000
__Lramtop                                 ramtop       001000
__Lrbit                                   rbit         000000
__Lrbss                                   rbss         000000
__Lrdata                                  rdata        000000
__Lreset_vec                              reset_vec    000000
__Lrparam                                 rparam       000000
__Lsfr                                    sfr          000000
__Lsmallconst                             smallconst   000000
__Lspace_0                                (abs)        000000
__Lspace_1                                (abs)        000000
__Lspace_2                                (abs)        000000
__Lspace_4                                (abs)        000000
__Lstack                                  stack        000000
__Lstruct                                 struct       000000
__Ltemp                                   temp         00007E
__Ltext                                   text         000000
__Ltext0                                  text0        000000
__Ltext1                                  text1        000000
__Ltext10                                 text10       000000
__Ltext2                                  text2        000000
__Ltext3                                  text3        000000
__Ltext4                                  text4        000000
__Ltext5                                  text5        000000
__Ltext6                                  text6        000000
__Ltext7                                  text7        000000
__Ltext8                                  text8        000000
__Ltext9                                  text9        000000
__S0                                      (abs)        0013FC
__S1                                      (abs)        00007F
__S4                                      (abs)        000000
__S5                                      (abs)        000000
___fldiv                                  text5        00043C
___fldiv@a                                cstackCOMRAM 00001A
___fldiv@aexp                             cstackCOMRAM 00002E
___fldiv@b                                cstackCOMRAM 000016
___fldiv@bexp                             cstackCOMRAM 00002D
___fldiv@grs                              cstackCOMRAM 000029
___fldiv@new_exp                          cstackCOMRAM 000027
___fldiv@rem                              cstackCOMRAM 000022
___fldiv@sign                             cstackCOMRAM 000026
___flmul                                  text4        000012
___flmul@a                                cstackCOMRAM 000033
___flmul@aexp                             cstackCOMRAM 000040
___flmul@b                                cstackCOMRAM 00002F
___flmul@bexp                             cstackCOMRAM 000041
___flmul@grs                              cstackCOMRAM 00003C
___flmul@prod                             cstackCOMRAM 000042
___flmul@sign                             cstackCOMRAM 00003B
___flmul@temp                             cstackCOMRAM 000046
___fltol                                  text3        0011EA
___fltol@exp1                             cstackCOMRAM 000051
___fltol@f1                               cstackCOMRAM 000048
___fltol@sign1                            cstackCOMRAM 000050
___heap_hi                                (abs)        000000
___heap_lo                                (abs)        000000
___inthi_sp                               stack        000000
___intlo_sp                               stack        000000
___param_bank                             (abs)        000000
___rparam_used                            (abs)        000001
___sp                                     stack        000000
___wmul                                   text2        00139A
___wmul@multiplicand                      cstackCOMRAM 000004
___wmul@multiplier                        cstackCOMRAM 000002
___wmul@product                           cstackCOMRAM 000006
___xxtofl                                 text1        000F16
___xxtofl@arg                             cstackCOMRAM 000012
___xxtofl@exp                             cstackCOMRAM 000011
___xxtofl@sign                            cstackCOMRAM 000010
___xxtofl@val                             cstackCOMRAM 000008
__accesstop                               (abs)        000080
__activetblptr                            (abs)        000002
__end_of_ADC_VoidInit                     text10       0013E2
__end_of_ADC_u16GetChannelReading         text9        001354
__end_of_DIO_VidDirPortNibble             text8        000CFC
__end_of_DIO_VidSetHalfPortDirection      text7        000A6C
__end_of_DIO_VidSetPinValue               text6        000F16
__end_of_ISR1                             intcode_body 00139A
__end_of___fldiv                          text5        0007D6
__end_of___flmul                          text4        00043C
__end_of___fltol                          text3        0012F0
__end_of___wmul                           text2        0013C0
__end_of___xxtofl                         text1        0010CA
__end_of__initialization                  cinit        0013EE
__end_of_main                             text0        0011EA
__initialization                          cinit        0013E2
__mediumconst                             mediumconst  000000
__pbssCOMRAM                              bssCOMRAM    000056
__pcinit                                  cinit        0013E2
__pcstackCOMRAM                           cstackCOMRAM 000001
__pintcode                                intcode      000008
__pintcode_body                           intcode_body 001354
__ptext0                                  text0        0010CA
__ptext1                                  text1        000F16
__ptext10                                 text10       0013C0
__ptext2                                  text2        00139A
__ptext3                                  text3        0011EA
__ptext4                                  text4        000012
__ptext5                                  text5        00043C
__ptext6                                  text6        000CFC
__ptext7                                  text7        0007D6
__ptext8                                  text8        000A6C
__ptext9                                  text9        0012F0
__ramtop                                  ramtop       001000
__smallconst                              smallconst   000000
_main                                     text0        0010CA
btemp                                     temp         00007E
end_of_initialization                     cinit        0013EE
int$flags                                 temp         00007E
int_func                                  intcode_body 001354
intlevel0                                 text         000000
intlevel1                                 text         000000
intlevel2                                 text         000000
intlevel3                                 text         000000
isa$std                                   (abs)        000001
isa$xinst                                 (abs)        000000
main@adc_value                            cstackCOMRAM 000052
main@temp                                 cstackCOMRAM 000054
stackhi                                   (abs)        000000
stacklo                                   (abs)        000000
start                                     init         00000E
start_initialization                      cinit        0013E2
ttemp5                                    temp         00007F
ttemp6                                    temp         000082
ttemp7                                    temp         000086
wtemp8                                    temp         00007F


MODULE INFORMATION

Module		Function		Class		Link	Load	Size
C:\Program Files\Microchip\xc8\v2.40\pic\sources\c99\common\sprcmul.c
		___flmul       		CODE           	0012	0000	1066

C:\Program Files\Microchip\xc8\v2.40\pic\sources\c99\common\sprcmul.c estimated size: 1066

03_MCAL/EXTI_prg.c
		_ISR1          		CODE           	0008	0000	76

03_MCAL/EXTI_prg.c estimated size: 76

C:\Program Files\Microchip\xc8\v2.40\pic\sources\c99\common\sprcdiv.c
		___fldiv       		CODE           	043C	0000	922

C:\Program Files\Microchip\xc8\v2.40\pic\sources\c99\common\sprcdiv.c estimated size: 922

C:\Program Files\Microchip\xc8\v2.40\pic\sources\c99\common\fltol.c
		___fltol       		CODE           	11EA	0000	262

C:\Program Files\Microchip\xc8\v2.40\pic\sources\c99\common\fltol.c estimated size: 262

C:\Program Files\Microchip\xc8\v2.40\pic\sources\c99\common\Umul16.c
		___wmul        		CODE           	139A	0000	38

C:\Program Files\Microchip\xc8\v2.40\pic\sources\c99\common\Umul16.c estimated size: 38

01_APP/newmain.c
		_main          		CODE           	10CA	0000	288

01_APP/newmain.c estimated size: 288

C:\Program Files\Microchip\xc8\v2.40\pic\sources\c99\common\xxtofl.c
		___xxtofl      		CODE           	0F16	0000	436

C:\Program Files\Microchip\xc8\v2.40\pic\sources\c99\common\xxtofl.c estimated size: 436

shared
		__initialization		CODE           	13E2	0000	12

shared estimated size: 12

E:/MVM_Medical_Vending_Machine/MPLAB_FrameWork/03_MCAL/DIO_prog.c
		_DIO_VidSetPinValue		CODE           	0CFC	0000	538
		_DIO_VidDirPortNibble		CODE           	0A6C	0000	656
		_DIO_VidSetHalfPortDirection		CODE           	07D6	0000	662

E:/MVM_Medical_Vending_Machine/MPLAB_FrameWork/03_MCAL/DIO_prog.c estimated size: 1856

E:/MVM_Medical_Vending_Machine/MPLAB_FrameWork/03_MCAL/ADC_Prog.c
		_ADC_u16GetChannelReading		CODE           	12F0	0000	100
		_ADC_VoidInit  		CODE           	13C0	0000	34

E:/MVM_Medical_Vending_Machine/MPLAB_FrameWork/03_MCAL/ADC_Prog.c estimated size: 134

